// Jest Snapshot v1, https://goo.gl/fbAQLP

exports[`default render 1`] = `
<div
  className="nav-bar"
>
  <a
    className="brand"
    href="/"
    onClick={[Function]}
  >
    <img
      alt="Logo"
      className="d-inline-block align-top"
      height={30}
      src="lander-256.png"
    />
  </a>
  <div
    className="user-menu"
  >
    <div
      className="f-letter"
    >
      <span>
        L
      </span>
    </div>
    <div
      className="menu-list"
    >
      <span
        className="username"
      >
        @
        lorem
      </span>
      <a
        className="menu-list-item"
        onClick={[Function]}
      >
        Settings 
        <svg
          viewBox="0 0 512 512"
          xmlns="http://www.w3.org/2000/svg"
        >
          <path
            d="M413.967 276.8c1.06-6.235 1.06-13.518 1.06-20.8s-1.06-13.518-1.06-20.8l44.667-34.318c4.26-3.118 5.319-8.317 2.13-13.518L418.215 115.6c-2.129-4.164-8.507-6.235-12.767-4.164l-53.186 20.801c-10.638-8.318-23.394-15.601-36.16-20.801l-7.448-55.117c-1.06-4.154-5.319-8.318-10.638-8.318h-85.098c-5.318 0-9.577 4.164-10.637 8.318l-8.508 55.117c-12.767 5.2-24.464 12.482-36.171 20.801l-53.186-20.801c-5.319-2.071-10.638 0-12.767 4.164L49.1 187.365c-2.119 4.153-1.061 10.399 2.129 13.518L96.97 235.2c0 7.282-1.06 13.518-1.06 20.8s1.06 13.518 1.06 20.8l-44.668 34.318c-4.26 3.118-5.318 8.317-2.13 13.518L92.721 396.4c2.13 4.164 8.508 6.235 12.767 4.164l53.187-20.801c10.637 8.318 23.394 15.601 36.16 20.801l8.508 55.117c1.069 5.2 5.318 8.318 10.637 8.318h85.098c5.319 0 9.578-4.164 10.638-8.318l8.518-55.117c12.757-5.2 24.464-12.482 36.16-20.801l53.187 20.801c5.318 2.071 10.637 0 12.767-4.164l42.549-71.765c2.129-4.153 1.06-10.399-2.13-13.518l-46.8-34.317zm-158.499 52c-41.489 0-74.46-32.235-74.46-72.8s32.971-72.8 74.46-72.8 74.461 32.235 74.461 72.8-32.972 72.8-74.461 72.8z"
          />
        </svg>
      </a>
      <a
        className="menu-list-item"
        onClick={[Function]}
      >
        Logout 
        <svg
          viewBox="0 0 512 512"
          xmlns="http://www.w3.org/2000/svg"
        >
          <path
            d="M192 277.4h189.7l-43.6 44.7L368 352l96-96-96-96-31 29.9 44.7 44.7H192v42.8z"
          />
          <path
            d="M255.7 421.3c-44.1 0-85.5-17.2-116.7-48.4-31.2-31.2-48.3-72.7-48.3-116.9 0-44.1 17.2-85.7 48.3-116.9 31.2-31.2 72.6-48.4 116.7-48.4 44 0 85.3 17.1 116.5 48.2l30.3-30.3c-8.5-8.4-17.8-16.2-27.7-23.2C339.7 61 298.6 48 255.7 48 141.2 48 48 141.3 48 256s93.2 208 207.7 208c42.9 0 84-13 119-37.5 10-7 19.2-14.7 27.7-23.2l-30.2-30.2c-31.1 31.1-72.5 48.2-116.5 48.2zM448.004 256.847l-.849-.848.849-.849.848.849z"
          />
        </svg>
      </a>
    </div>
  </div>
</div>
`;
